ban Bannikovskaja " FontogroupEncoding ReEncodeFont " <fontogr.enc <ban_____.pfb
banb Bannikovskaja-Bold " FontogroupEncoding ReEncodeFont " <fontogr.enc <banb____.pfb
banbi Bannikovskaja-BoldItalic " FontogroupEncoding ReEncodeFont " <fontogr.enc <banbi___.pfb
bani Bannikovskaja-Italic " FontogroupEncoding ReEncodeFont " <fontogr.enc <bani____.pfb
bas Baskerville " FontogroupEncoding ReEncodeFont " <fontogr.enc <bas_____.pfb
basb Baskerville-Bold " FontogroupEncoding ReEncodeFont " <fontogr.enc <basb____.pfb
basbi Baskerville-BoldItalic " FontogroupEncoding ReEncodeFont " <fontogr.enc <basbi___.pfb
basi Baskerville-Italic " FontogroupEncoding ReEncodeFont " <fontogr.enc <basi____.pfb
besc BetinaScriptC " FontogroupEncoding ReEncodeFont " <fontogr.enc <besc____.pfb
bescb BetinaScriptCBold " FontogroupEncoding ReEncodeFont " <fontogr.enc <bescb___.pfb
conr CommNew " FontogroupEncoding ReEncodeFont " <fontogr.enc <con_____.pfb
conb CommNew-Bold " FontogroupEncoding ReEncodeFont " <fontogr.enc <conb____.pfb
conbi CommNew-BoldItalic " FontogroupEncoding ReEncodeFont " <fontogr.enc <conbi___.pfb
coni CommNew-Italic " FontogroupEncoding ReEncodeFont " <fontogr.enc <coni____.pfb
cyg CyrillicGoth " FontogroupEncoding ReEncodeFont " <fontogr.enc <cyg_____.pfb
de Decor " FontogroupEncoding ReEncodeFont " <fontogr.enc <de______.pfb
deb Decor-Bold " FontogroupEncoding ReEncodeFont " <fontogr.enc <deb_____.pfb
el Elizabeth " FontogroupEncoding ReEncodeFont " <fontogr.enc <el______.pfb
elb Elizabeth-Bold " FontogroupEncoding ReEncodeFont " <fontogr.enc <elb_____.pfb
elbi Elizabeth-BoldItalic " FontogroupEncoding ReEncodeFont " <fontogr.enc <elbi____.pfb
eli Elizabeth-Italic " FontogroupEncoding ReEncodeFont " <fontogr.enc <eli_____.pfb
fu Futuris " FontogroupEncoding ReEncodeFont " <fontogr.enc <fu______.pfb
fub Futuris-Bold " FontogroupEncoding ReEncodeFont " <fontogr.enc <fub_____.pfb
fubi Futuris-BoldItalic " FontogroupEncoding ReEncodeFont " <fontogr.enc <fubi____.pfb
fui Futuris-Italic " FontogroupEncoding ReEncodeFont " <fontogr.enc <fui_____.pfb
he Hermes " FontogroupEncoding ReEncodeFont " <fontogr.enc <he______.pfb
inc InformC " FontogroupEncoding ReEncodeFont " <fontogr.enc <inc_____.pfb
incb InformCBold " FontogroupEncoding ReEncodeFont " <fontogr.enc <incb____.pfb
ji Jikharev " FontogroupEncoding ReEncodeFont " <fontogr.enc <ji______.pfb
ku Kudrjashov " FontogroupEncoding ReEncodeFont " <fontogr.enc <ku______.pfb
kub Kudrjashov-Bold " FontogroupEncoding ReEncodeFont " <fontogr.enc <kub_____.pfb
kubi Kudrjashov-BoldItalic " FontogroupEncoding ReEncodeFont " <fontogr.enc <kubi____.pfb
kui Kudrjashov-Italic " FontogroupEncoding ReEncodeFont " <fontogr.enc <kui_____.pfb
la Lazurski " FontogroupEncoding ReEncodeFont " <fontogr.enc <la______.pfb
lab Lazurski-Bold " FontogroupEncoding ReEncodeFont " <fontogr.enc <lab_____.pfb
labi Lazurski-BoldItalic " FontogroupEncoding ReEncodeFont " <fontogr.enc <labi____.pfb
lai Lazurski-Italic " FontogroupEncoding ReEncodeFont " <fontogr.enc <lai_____.pfb
moc MonoCondensed " FontogroupEncoding ReEncodeFont " <fontogr.enc <moc_____.pfb
mocb MonoCondensed-Bold " FontogroupEncoding ReEncodeFont " <fontogr.enc <mocb____.pfb
mocbi MonoCondensed-BoldItalic " FontogroupEncoding ReEncodeFont " <fontogr.enc <mocbi___.pfb
moci MonoCondensed-Italic " FontogroupEncoding ReEncodeFont " <fontogr.enc <moci____.pfb
ods OdessaScriptFWF " FontogroupEncoding ReEncodeFont " <fontogr.enc <ods_____.pfb
op Optimal " FontogroupEncoding ReEncodeFont " <fontogr.enc <op______.pfb
opb Optimal-Bold " FontogroupEncoding ReEncodeFont " <fontogr.enc <opb_____.pfb
opbi Optimal-BoldItalic " FontogroupEncoding ReEncodeFont " <fontogr.enc <opbi____.pfb
opi Optimal-Italic " FontogroupEncoding ReEncodeFont " <fontogr.enc <opi_____.pfb
pa Mysl " FontogroupEncoding ReEncodeFont " <fontogr.enc <pa______.pfb
pab Mysl-Bold " FontogroupEncoding ReEncodeFont " <fontogr.enc <pab_____.pfb
pabi Mysl-BoldItalic " FontogroupEncoding ReEncodeFont " <fontogr.enc <pabi____.pfb
pai Mysl-Italic " FontogroupEncoding ReEncodeFont " <fontogr.enc <pai_____.pfb
pl Plants " FontogroupEncoding ReEncodeFont " <fontogr.enc <pl______.pfb
pr Pragmatica " FontogroupEncoding ReEncodeFont " <fontogr.enc <pr______.pfb
prb Pragmatica-Bold " FontogroupEncoding ReEncodeFont " <fontogr.enc <prb_____.pfb
prbi Pragmatica-BoldItalic " FontogroupEncoding ReEncodeFont " <fontogr.enc <prbi____.pfb
pri Pragmatica-Italic " FontogroupEncoding ReEncodeFont " <fontogr.enc <pri_____.pfb
prs Parsek " FontogroupEncoding ReEncodeFont " <fontogr.enc <prs_____.pfb
rt RType " FontogroupEncoding ReEncodeFont " <fontogr.enc <rt______.pfb
rtb RType-Bold " FontogroupEncoding ReEncodeFont " <fontogr.enc <rtb_____.pfb
scb SchoolBook " FontogroupEncoding ReEncodeFont " <fontogr.enc <scb_____.pfb
scbb SchoolBook-Bold " FontogroupEncoding ReEncodeFont " <fontogr.enc <scbb____.pfb
scbbi SchoolBook-BoldItalic " FontogroupEncoding ReEncodeFont " <fontogr.enc <scbbi___.pfb
scbi SchoolBook-Italic " FontogroupEncoding ReEncodeFont " <fontogr.enc <scbi____.pfb
tr Traktir " FontogroupEncoding ReEncodeFont " <fontogr.enc <tr______.pfb